wwwwwwwwwwwwwwwwwwwwwwwwwwwwwwwwwwwwwwwwwwwwwwwwwwwwwwwwwwwwwwwwwwwwwwwwwwwwwwwwwwwwwwwwwwwwwwwwwwwwwwwwwwwwwwwwwwwwwwwwwwwwwwwwwwwwwwww
w......................................................................................................................................w
w.................................................................................................................m...............m...ow
w.................................................................................................................wswwwwwwwwwwwwwwwwwwww
w..................................................................................................................s...................w
w..................................................................................................................s...................w
w..................................................................................................................s...................w
w..................................................................................................................s...................w
w..................................................................................................................s...................w
w..................................................................................................................s...................w
w..................................................................................................................s...................w
w..................................................................................................................s...................w
w..................................................................................................................s...................w
w..................................................................................................................s...................w
w..................................................................................................................s...................w
w..................................................................................................................s...................w
w..................................................................................................................s...................w
w..................................................................................................................s...................w
w..................................................................................................................s...................w
w..................................................................................................................s...................w
w..................................................................................................................s...................w
w..................................................................................................................s...................w
w..................................................................................................................s...................w
w..................................................................................................................s...................w
w..................................................................................................................s...................w
w..................................................................................................................s...................w
w..................................................................................................................s...................w
w.......................................................................m..........................................s...................w
w.......................................................................wswwwwwwwwwwsw.............................s...................w
w........................................................................s..........s..............................s...................w
w........................................................................s..........s..............................s....m...w.m........w
w........................................................................s..........s.............................wwwwwwwwwwwwwwwwwwwsww
w........................................................................s..........s................................................s.w
w........................................................................s..........s................................................s.w
w........................................................................s..........s................................................s.w
w........................................................................s..........sm...............m...............................s.w
w........................................................................s.........wwwwww.w.wswwwwwwwwww.............................s.w
w........................................................................s...................s.......................................s.w
w........................................................................s...................s.......................................s.w
w................................................m....w.....m...w...m....s...................s.......................................s.w
w................................................wswwwwwwwwwwwwwwwwwwwwwww...................s.......................................s.w
w.................................................s..........................................s.......................................s.w
w.................................................s..........................................s.......................................s.w
w.................................................s..........................................s.......................................s.w
w.................................................s..........................................s.......................................s.w
w.................................................s..........................................s.......................................s.w
w.................................................s..........................................s.......................................s.w
w.................................................s..........................................s.......................................s.w
w.................................................s..........................................s.......................................s.w
w......................k......m......w........m...s..........................................s.......................................s.w
w......................wwwwwwwwwwwwwwwwwwwwwwwwwwwww.........................................s.......................................s.w
w.....................................................................................m......s..........................m............s.w
w....................................................................................wwwwwwwwwwwwwwwwwwwwwwwwwwwwwwwswwwww...........s.w
w...................................................................................................................s................s.w
w...................................................................................................................s................s.w
w...................................................................................................................s................s.w
w...................................................................................................................s................s.w
w...................................................................................................................s................s.w
w...................................................................................................................s................s.w
w...................................................................................................................s................s.w
w...................................................................................................................s................s.w
w...................................................................................................................s................s.w
w...................................................................................................................s................s.w
wi..................................................................................................................s................s.w
wwwwwwwwwwwwwwwwwwwwwwwwwwwwwwwwwwwwwwwwwwwwwwwwwwwwwwwwwwwwwwwwwwwwwwwwwwwwwwwwwwwwwwwwwwwwwwwwwwwwwwwwwwwwwwwwwwwwwwwwwwwwwwwwwwwwwwww